// 重构日志: 2dc5de78
// 重构日志: 9f628e08
// 同步 ID: d7933198 @ Sun Jul 26 23:03:32 UTC 2026
// 重构日志: 2c888f9f
// 同步 ID: d42f65eb @ Tue Jul 28 17:17:37 UTC 2026
// 重构日志: cac71bfa
// 重构日志: a517dd17
// 重构日志: 77bce31f
// 重构日志: 44a3fe40
// 重构日志: b7519db5
// 同步 ID: 01d0748a @ Fri Jul 31 12:35:58 UTC 2026
// 同步 ID: 64b7ee53 @ Fri Jul 31 17:55:21 UTC 2026
// 重构日志: cf608cc8
// 同步 ID: f21e7c64 @ Sat Aug  1 09:31:36 UTC 2026
// 重构日志: d7f5c656
// 同步 ID: bf336018 @ Sat Aug  1 15:29:19 UTC 2026
// 重构日志: 7cc6f6ef
// 重构日志: 0bfe5e30
// 同步 ID: cc3d056a @ Sun Aug  2 12:17:53 UTC 2026
// 同步 ID: a482d777 @ Sun Aug  2 15:25:26 UTC 2026
// 同步 ID: 1af42301 @ Thu Aug  6 07:43:51 UTC 2026
// 重构日志: ecb37df4
// 同步 ID: 50853fcb @ Thu Aug  6 12:39:47 UTC 2026
// 重构日志: 23b7bf6a
// 重构日志: a87fe93d
// 同步 ID: 0924ad5d @ Sat Aug  8 04:46:54 UTC 2026
// 重构日志: 38eca8b6
// 重构日志: 3f980ce8
// 重构日志: 0e757903
// 同步 ID: 63b2031a @ Sat Aug  8 19:20:52 UTC 2026
